   Compiling libm v0.2.16
   Compiling autocfg v1.5.1
   Compiling proc-macro2 v1.0.106
   Compiling unicode-ident v1.0.24
   Compiling quote v1.0.46
   Compiling cfg-if v1.0.4
   Compiling zerocopy v0.8.52
   Compiling serde_core v1.0.228
   Compiling memchr v2.8.2
   Compiling log v0.4.33
   Compiling smallvec v1.15.2
   Compiling windows-link v0.2.1
   Compiling anyhow v1.0.103
   Compiling serde v1.0.228
   Compiling simd-adler32 v0.3.9
   Compiling crc32fast v1.5.0
   Compiling windows-sys v0.61.2
   Compiling adler2 v2.0.1
   Compiling miniz_oxide v0.8.9
   Compiling regex-syntax v0.8.11
   Compiling foldhash v0.2.0
   Compiling num-traits v0.2.19
   Compiling aho-corasick v1.1.4
   Compiling matrixmultiply v0.3.10
   Compiling allocator-api2 v0.2.21
   Compiling parking_lot_core v0.9.12
   Compiling equivalent v1.0.2
   Compiling winapi-util v0.1.11
   Compiling flate2 v1.1.9
   Compiling same-file v1.0.6
   Compiling find-msvc-tools v0.1.9
   Compiling version_check v0.9.5
   Compiling rawpointer v0.2.1
   Compiling shlex v2.0.1
   Compiling scopeguard v1.2.0
   Compiling memo-map v0.3.3
   Compiling either v1.16.0
   Compiling lock_api v0.4.14
   Compiling syn v2.0.118
   Compiling walkdir v2.5.0
   Compiling cc v1.2.66
   Compiling nom v8.0.0
   Compiling byteorder v1.5.0
   Compiling typeid v1.0.3
   Compiling parking_lot v0.12.5
   Compiling itertools v0.14.0
   Compiling dyn-eq v0.1.3
   Compiling regex-automata v0.4.14
   Compiling lazy_static v1.5.0
   Compiling strength_reduce v0.2.4
   Compiling maplit v1.0.2
   Compiling dyn-clone v1.0.20
   Compiling crossbeam-utils v0.8.21
   Compiling num-integer v0.1.46
   Compiling num-complex v0.4.6
   Compiling erased-serde v0.4.10
   Compiling downcast-rs v2.0.2
   Compiling dyn-hash v1.0.0
   Compiling zmij v1.0.21
   Compiling transpose v0.2.3
   Compiling primal-check v0.3.4
   Compiling ndarray v0.17.2
   Compiling bit-vec v0.9.1
   Compiling serde_json v1.0.150
   Compiling hashbrown v0.16.1
   Compiling pastey v0.2.3
   Compiling minijinja v2.21.0
   Compiling bit-set v0.10.0
   Compiling rustfft v6.4.1
   Compiling anymap3 v1.1.0
   Compiling inventory v0.3.24
   Compiling itoa v1.0.18
   Compiling target-lexicon v0.13.5
   Compiling filetime v0.2.29
   Compiling rayon-core v1.13.0
   Compiling crossbeam-epoch v0.9.18
   Compiling winnow v1.0.3
   Compiling tar v0.4.46
   Compiling toml_datetime v1.1.1+spec-1.1.0
   Compiling bytemuck v1.25.0
   Compiling crossbeam-deque v0.8.6
   Compiling toml_parser v1.1.2+spec-1.1.0
   Compiling serde_spanned v1.1.1
   Compiling regex v1.12.4
   Compiling ahash v0.8.12
   Compiling cfg-expr v0.20.8
   Compiling nom-language v0.1.0
   Compiling toml v1.1.2+spec-1.1.0
   Compiling heck v0.5.0
   Compiling scan_fmt v0.2.6
   Compiling getrandom v0.4.3
   Compiling version-compare v0.2.1
   Compiling pkg-config v0.3.33
   Compiling rand_core v0.10.1
   Compiling bitflags v2.13.0
   Compiling rayon v1.12.0
   Compiling system-deps v7.0.8
   Compiling core_maths v0.1.1
   Compiling slotmap v1.1.1
   Compiling fdeflate v0.3.7
   Compiling arrayvec v0.7.8
   Compiling float-ord v0.3.2
   Compiling bytes v1.12.0
   Compiling cpufeatures v0.3.0
   Compiling float-cmp v0.9.0
   Compiling once_cell v1.21.4
   Compiling libc v0.2.186
   Compiling chacha20 v0.10.1
   Compiling ttf-parser v0.24.1
   Compiling strict-num v0.1.1
   Compiling num-bigint v0.4.8
   Compiling color_quant v1.1.0
   Compiling zerocopy-derive v0.8.52
   Compiling serde_derive v1.0.228
   Compiling derive-new v0.7.0
   Compiling weezl v0.1.12
   Compiling tinyvec_macros v0.1.1
   Compiling memmap2 v0.9.11
   Compiling arrayref v0.3.9
   Compiling tiny-skia-path v0.11.4
   Compiling dav1d-sys v0.8.3
   Compiling tinyvec v1.11.0
   Compiling num-derive v0.4.2
   Compiling rand v0.10.2
   Compiling kurbo v0.11.3
error: failed to run custom build command for `dav1d-sys v0.8.3`

Caused by:
  process didn't exit successfully: `C:\Users\nirrt\Toolset\vice-classic\runs\m3b\checkouts\v-ice\target\release\build\dav1d-sys-b6112da0cdb9c6bf\build-script-build` (exit code: 101)
  --- stdout
  cargo:rerun-if-changed=C:\Users\nirrt\.cargo\registry\src\index.crates.io-1949cf8c6b5b557f\dav1d-sys-0.8.3\Cargo.toml
  cargo:rerun-if-env-changed=DAV1D_NO_PKG_CONFIG
  cargo:rerun-if-env-changed=PKG_CONFIG_x86_64-pc-windows-msvc
  cargo:rerun-if-env-changed=PKG_CONFIG_x86_64_pc_windows_msvc
  cargo:rerun-if-env-changed=HOST_PKG_CONFIG
  cargo:rerun-if-env-changed=PKG_CONFIG
  cargo:rerun-if-env-changed=PKG_CONFIG_PATH_x86_64-pc-windows-msvc
  cargo:rerun-if-env-changed=PKG_CONFIG_PATH_x86_64_pc_windows_msvc
  cargo:rerun-if-env-changed=HOST_PKG_CONFIG_PATH
  cargo:rerun-if-env-changed=PKG_CONFIG_PATH
  cargo:rerun-if-env-changed=PKG_CONFIG_LIBDIR_x86_64-pc-windows-msvc
  cargo:rerun-if-env-changed=PKG_CONFIG_LIBDIR_x86_64_pc_windows_msvc
  cargo:rerun-if-env-changed=HOST_PKG_CONFIG_LIBDIR
  cargo:rerun-if-env-changed=PKG_CONFIG_LIBDIR
  cargo:rerun-if-env-changed=PKG_CONFIG_SYSROOT_DIR_x86_64-pc-windows-msvc
  cargo:rerun-if-env-changed=PKG_CONFIG_SYSROOT_DIR_x86_64_pc_windows_msvc
  cargo:rerun-if-env-changed=HOST_PKG_CONFIG_SYSROOT_DIR
  cargo:rerun-if-env-changed=PKG_CONFIG_SYSROOT_DIR
  cargo:rerun-if-env-changed=PKG_CONFIG_PATH_x86_64-pc-windows-msvc
  cargo:rerun-if-env-changed=PKG_CONFIG_PATH_x86_64_pc_windows_msvc
  cargo:rerun-if-env-changed=HOST_PKG_CONFIG_PATH
  cargo:rerun-if-env-changed=PKG_CONFIG_PATH
  cargo:rerun-if-env-changed=PKG_CONFIG_LIBDIR_x86_64-pc-windows-msvc
  cargo:rerun-if-env-changed=PKG_CONFIG_LIBDIR_x86_64_pc_windows_msvc
  cargo:rerun-if-env-changed=HOST_PKG_CONFIG_LIBDIR
  cargo:rerun-if-env-changed=PKG_CONFIG_LIBDIR
  cargo:rerun-if-env-changed=PKG_CONFIG_SYSROOT_DIR_x86_64-pc-windows-msvc
  cargo:rerun-if-env-changed=PKG_CONFIG_SYSROOT_DIR_x86_64_pc_windows_msvc
  cargo:rerun-if-env-changed=HOST_PKG_CONFIG_SYSROOT_DIR
  cargo:rerun-if-env-changed=PKG_CONFIG_SYSROOT_DIR

  --- stderr

  thread 'main' (4504) panicked at C:\Users\nirrt\.cargo\registry\src\index.crates.io-1949cf8c6b5b557f\dav1d-sys-0.8.3\build.rs:82:10:
  called `Result::unwrap()` on an `Err` value: PkgConfig(Could not run `PKG_CONFIG_ALLOW_SYSTEM_CFLAGS=1 pkg-config --libs --cflags dav1d 'dav1d >= 1.3.0'`
  The pkg-config command could not be found.

  Most likely, you need to install a pkg-config package for your OS.

  If you've already installed it, ensure the pkg-config command is one of the
  directories in the PATH environment variable.

  If you did not expect this build to link to a pre-installed system library,
  then check documentation of the dav1d-sys crate for an option to
  build the library from source, or disable features or dependencies
  that require pkg-config.)
  note: run with `RUST_BACKTRACE=1` environment variable to display a backtrace
warning: build failed, waiting for other jobs to finish...
